// Jest Snapshot v1, https://goo.gl/fbAQLP

exports[`Test in ResultSearchBox component should match with snaphot 1`] = `""`;
