// Jest Snapshot v1, https://goo.gl/fbAQLP

exports[`test in SearchBox Component should match with snaphot 1`] = `
<Fragment>
  <div
    className="search_box"
  >
    <form
      className="container_search"
      onSubmit={[Function]}
    >
      <div
        onClick={[Function]}
      >
        <img
          alt="logo"
          className="logo_search"
          src="Logo_ML.png"
        />
      </div>
      <input
        className="input_search"
        name="search"
        onChange={[Function]}
        placeholder="Nunca dejes de buscar"
        type="text"
        value=""
      />
      <button
        className="button_search"
      >
        <img
          alt="lupa"
          src="ic_Search.png"
        />
      </button>
    </form>
  </div>
</Fragment>
`;
